// Jest Snapshot v1, https://goo.gl/fbAQLP

exports[`Loading should render component 1`] = `
<div>
  <div
    class="spinner"
  >
    <div
      class="ldsDualRing"
    />
  </div>
</div>
`;
