// Jest Snapshot v1, https://goo.gl/fbAQLP

exports[`AuthPage should render component 1`] = `
<div>
  <form
    action="#"
    class="authForm"
  >
    <div
      class="formControl"
    >
      <label
        for="email"
      >
        Email
      </label>
      <input
        id="email"
        name="email"
        type="text"
        value=""
      />
    </div>
    <div
      class="formControl"
    >
      <label
        for="password"
      >
        Password
      </label>
      <input
        id="password"
        name="password"
        type="password"
        value=""
      />
    </div>
    <div
      class="formActions"
    >
      <button
        type="submit"
      >
        Submit
      </button>
    </div>
  </form>
</div>
`;
