// Jest Snapshot v1, https://goo.gl/fbAQLP

exports[`Card should render component 1`] = `
<div>
  <li
    class="subscriptionItem"
  >
    <div>
      <h1>
        Package 1
      </h1>
      <h2>
        111111111
      </h2>
    </div>
    <div>
      <span>
        mobile
      </span>
      <button
        class="btn"
      >
        Details
      </button>
    </div>
  </li>
</div>
`;
